
> expenses_manager_app@0.1.0 build
> next build

Γû▓ Next.js 16.1.7 (Turbopack)
- Environments: .env

node.exe : ΓÜá The 
"middleware" file convention 
is deprecated. Please use 
"proxy" instead. Learn more: 
https://nextjs.org/docs/messa
ges/middleware-to-proxy
At line:1 char:1
+ & "C:\Program 
Files\nodejs/node.exe" 
"C:\Program 
Files\nodejs/node_mo ...
+ ~~~~~~~~~~~~~~~~~~~~~~~~~~~
~~~~~~~~~~~~~~~~~~~~~~~~~~~~~
~~~~~~~~~~~~~
    + CategoryInfo           
   : NotSpecified: (ΓÜá The  
   "middle...leware-to-pro   
 xy:String) [], RemoteExc    
eption
    + FullyQualifiedErrorId  
   : NativeCommandError
 
  Creating an optimized production build ...
Γ£ô Compiled successfully in 5.5s
  Running TypeScript ...
  Collecting page data using 11 workers ...
Error: Failed to collect 
configuration for /register
    at ignore-listed frames {
  [cause]: Error [PrismaClien
tInitializationError]: The 
Driver Adapter 
`@prisma/adapter-mariadb`, 
based on `mysql`, is not 
compatible with the provider 
`postgres` specified in the 
Prisma schema.
      at new b (C:\Users\goji
y\Desktop\Expense_Manager\Led
gerFlow\.next\server\chunks\s
sr\[root-of-the-server]__6fda
8f40._.js:141:1135)
      at module evaluation (C
:\Users\gojiy\Desktop\Expense
_Manager\LedgerFlow\.next\ser
ver\chunks\ssr\[root-of-the-s
erver]__6fda8f40._.js:143:396
57)
      at instantiateModule (C
:\Users\gojiy\Desktop\Expense
_Manager\LedgerFlow\.next\ser
ver\chunks\ssr\[turbopack]_ru
ntime.js:740:9)
      at getOrInstantiateModu
leFromParent (C:\Users\gojiy\
Desktop\Expense_Manager\Ledge
rFlow\.next\server\chunks\ssr
\[turbopack]_runtime.js:763:1
2)
      at Context.esmImport 
[as i] (C:\Users\gojiy\Deskto
p\Expense_Manager\LedgerFlow\
.next\server\chunks\ssr\[turb
opack]_runtime.js:228:20)
      at module evaluation (C
:\Users\gojiy\Desktop\Expense
_Manager\LedgerFlow\.next\ser
ver\chunks\ssr\[root-of-the-s
erver]__a0a9b043._.js:2:9993)
      at instantiateModule (C
:\Users\gojiy\Desktop\Expense
_Manager\LedgerFlow\.next\ser
ver\chunks\ssr\[turbopack]_ru
ntime.js:740:9)
      at getOrInstantiateModu
leFromParent (C:\Users\gojiy\
Desktop\Expense_Manager\Ledge
rFlow\.next\server\chunks\ssr
\[turbopack]_runtime.js:763:1
2)
      at Context.esmImport 
[as i] (C:\Users\gojiy\Deskto
p\Expense_Manager\LedgerFlow\
.next\server\chunks\ssr\[turb
opack]_runtime.js:228:20)
      at module evaluation (C
:\Users\gojiy\Desktop\Expense
_Manager\LedgerFlow\.next\ser
ver\chunks\ssr\[root-of-the-s
erver]__5f1ec4b1._.js:1:1918)
 {
    clientVersion: '6.19.2',
    errorCode: undefined,
    retryable: undefined
  }
}

> Build error occurred
Error: Failed to collect 
page data for /register
    at ignore-listed frames {
  type: 'Error'
}
